// Jest Snapshot v1, https://goo.gl/fbAQLP

exports[`<Header /> test case Render Header without error 1`] = `
<div>
  <header
    class="site-header"
  >
    <div
      class="site-header__logo"
    />
    <select
      class="site-header__sort"
      id="sort"
      name="sort"
    >
      <option
        value="asc"
      >
        Highest Price
      </option>
      <option
        value="desc"
      >
        Lowest Price
      </option>
    </select>
  </header>
</div>
`;
